<?xml version="1.0" encoding="ISO-8859-1" ?>
<link_info>
   <banner>TI ARM Linker PC v18.1.2.LTS</banner>
   <copyright>Copyright (c) 1996-2017 Texas Instruments Incorporated</copyright>
   <link_time>0x5b6786d5</link_time>
   <link_errors>0x0</link_errors>
   <output_file>3_TM4C_PB_Debounce.out</output_file>
   <entry_point>
      <name>_c_int00_noinit_noargs</name>
      <address>0x561</address>
   </entry_point>
   <input_file_list>
      <input_file id="fl-2">
         <path>.\</path>
         <kind>object</kind>
         <file>delay.obj</file>
         <name>delay.obj</name>
      </input_file>
      <input_file id="fl-3">
         <path>.\</path>
         <kind>object</kind>
         <file>main.obj</file>
         <name>main.obj</name>
      </input_file>
      <input_file id="fl-4">
         <path>.\</path>
         <kind>object</kind>
         <file>tm4c123gh6pm_startup_ccs.obj</file>
         <name>tm4c123gh6pm_startup_ccs.obj</name>
      </input_file>
      <input_file id="fl-9">
         <kind>object</kind>
         <file>&lt;internal&gt;</file>
         <name>&lt;internal&gt;</name>
      </input_file>
      <input_file id="fl-a">
         <path>C:\ti\TivaWare_C_Series-2.1.4.178\driverlib\ccs\Debug\</path>
         <kind>archive</kind>
         <file>driverlib.lib</file>
         <name>gpio.obj</name>
      </input_file>
      <input_file id="fl-b">
         <path>C:\ti\TivaWare_C_Series-2.1.4.178\driverlib\ccs\Debug\</path>
         <kind>archive</kind>
         <file>driverlib.lib</file>
         <name>interrupt.obj</name>
      </input_file>
      <input_file id="fl-c">
         <path>C:\ti\TivaWare_C_Series-2.1.4.178\driverlib\ccs\Debug\</path>
         <kind>archive</kind>
         <file>driverlib.lib</file>
         <name>sysctl.obj</name>
      </input_file>
      <input_file id="fl-d">
         <path>C:\ti\TivaWare_C_Series-2.1.4.178\driverlib\ccs\Debug\</path>
         <kind>archive</kind>
         <file>driverlib.lib</file>
         <name>cpu.obj</name>
      </input_file>
      <input_file id="fl-c3">
         <path>C:\ti\ccsv8\tools\compiler\ti-cgt-arm_18.1.2.LTS\lib\</path>
         <kind>archive</kind>
         <file>rtsv7M4_T_le_v4SPD16_eabi.lib</file>
         <name>copy_zero_init.c.obj</name>
      </input_file>
      <input_file id="fl-c4">
         <path>C:\ti\ccsv8\tools\compiler\ti-cgt-arm_18.1.2.LTS\lib\</path>
         <kind>archive</kind>
         <file>rtsv7M4_T_le_v4SPD16_eabi.lib</file>
         <name>copy_decompress_none.c.obj</name>
      </input_file>
      <input_file id="fl-c5">
         <path>C:\ti\ccsv8\tools\compiler\ti-cgt-arm_18.1.2.LTS\lib\</path>
         <kind>archive</kind>
         <file>rtsv7M4_T_le_v4SPD16_eabi.lib</file>
         <name>copy_decompress_lzss.c.obj</name>
      </input_file>
      <input_file id="fl-c6">
         <path>C:\ti\ccsv8\tools\compiler\ti-cgt-arm_18.1.2.LTS\lib\</path>
         <kind>archive</kind>
         <file>rtsv7M4_T_le_v4SPD16_eabi.lib</file>
         <name>boot_cortex_m.c.obj</name>
      </input_file>
      <input_file id="fl-c7">
         <path>C:\ti\ccsv8\tools\compiler\ti-cgt-arm_18.1.2.LTS\lib\</path>
         <kind>archive</kind>
         <file>rtsv7M4_T_le_v4SPD16_eabi.lib</file>
         <name>exit.c.obj</name>
      </input_file>
      <input_file id="fl-c8">
         <path>C:\ti\ccsv8\tools\compiler\ti-cgt-arm_18.1.2.LTS\lib\</path>
         <kind>archive</kind>
         <file>rtsv7M4_T_le_v4SPD16_eabi.lib</file>
         <name>_lock.c.obj</name>
      </input_file>
      <input_file id="fl-c9">
         <path>C:\ti\ccsv8\tools\compiler\ti-cgt-arm_18.1.2.LTS\lib\</path>
         <kind>archive</kind>
         <file>rtsv7M4_T_le_v4SPD16_eabi.lib</file>
         <name>args_main.c.obj</name>
      </input_file>
      <input_file id="fl-ca">
         <path>C:\ti\ccsv8\tools\compiler\ti-cgt-arm_18.1.2.LTS\lib\</path>
         <kind>archive</kind>
         <file>rtsv7M4_T_le_v4SPD16_eabi.lib</file>
         <name>memset_t2.asm.obj</name>
      </input_file>
      <input_file id="fl-cb">
         <path>C:\ti\ccsv8\tools\compiler\ti-cgt-arm_18.1.2.LTS\lib\</path>
         <kind>archive</kind>
         <file>rtsv7M4_T_le_v4SPD16_eabi.lib</file>
         <name>memcpy_t2.asm.obj</name>
      </input_file>
      <input_file id="fl-cc">
         <path>C:\ti\ccsv8\tools\compiler\ti-cgt-arm_18.1.2.LTS\lib\</path>
         <kind>archive</kind>
         <file>rtsv7M4_T_le_v4SPD16_eabi.lib</file>
         <name>autoinit.c.obj</name>
      </input_file>
      <input_file id="fl-cd">
         <path>C:\ti\ccsv8\tools\compiler\ti-cgt-arm_18.1.2.LTS\lib\</path>
         <kind>archive</kind>
         <file>rtsv7M4_T_le_v4SPD16_eabi.lib</file>
         <name>pre_init.c.obj</name>
      </input_file>
      <input_file id="fl-ce">
         <path>C:\ti\ccsv8\tools\compiler\ti-cgt-arm_18.1.2.LTS\lib\</path>
         <kind>archive</kind>
         <file>rtsv7M4_T_le_v4SPD16_eabi.lib</file>
         <name>cpy_tbl.c.obj</name>
      </input_file>
   </input_file_list>
   <object_component_list>
      <object_component id="oc-f">
         <name>.intvecs</name>
         <load_address>0x0</load_address>
         <run_address>0x0</run_address>
         <size>0x26c</size>
         <input_file_ref idref="fl-4"/>
      </object_component>
      <object_component id="oc-134">
         <name>.text:GPIOPadConfigSet</name>
         <load_address>0x26c</load_address>
         <run_address>0x26c</run_address>
         <size>0x132</size>
         <input_file_ref idref="fl-a"/>
      </object_component>
      <object_component id="oc-c0">
         <name>.text:SysCtlClockSet</name>
         <load_address>0x3a0</load_address>
         <run_address>0x3a0</run_address>
         <size>0xf4</size>
         <input_file_ref idref="fl-c"/>
      </object_component>
      <object_component id="oc-98">
         <name>.text</name>
         <load_address>0x494</load_address>
         <run_address>0x494</run_address>
         <size>0x98</size>
         <input_file_ref idref="fl-3"/>
      </object_component>
      <object_component id="oc-c6">
         <name>.text:SysCtlPeripheralEnable</name>
         <load_address>0x52c</load_address>
         <run_address>0x52c</run_address>
         <size>0x34</size>
         <input_file_ref idref="fl-c"/>
      </object_component>
      <object_component id="oc-50">
         <name>.text:_c_int00_noinit_noargs:_c_int00_noinit_noargs</name>
         <load_address>0x560</load_address>
         <run_address>0x560</run_address>
         <size>0x30</size>
         <input_file_ref idref="fl-c6"/>
      </object_component>
      <object_component id="oc-13a">
         <name>.text:GPIODirModeSet</name>
         <load_address>0x590</load_address>
         <run_address>0x590</run_address>
         <size>0x2a</size>
         <input_file_ref idref="fl-a"/>
      </object_component>
      <object_component id="oc-de">
         <name>.text</name>
         <load_address>0x5ba</load_address>
         <run_address>0x5ba</run_address>
         <size>0x26</size>
         <input_file_ref idref="fl-2"/>
      </object_component>
      <object_component id="oc-cc">
         <name>.text:GPIOPinTypeGPIOOutput</name>
         <load_address>0x5e0</load_address>
         <run_address>0x5e0</run_address>
         <size>0x18</size>
         <input_file_ref idref="fl-a"/>
      </object_component>
      <object_component id="oc-d2">
         <name>.text:GPIOPinTypeGPIOInput</name>
         <load_address>0x5f8</load_address>
         <run_address>0x5f8</run_address>
         <size>0x12</size>
         <input_file_ref idref="fl-a"/>
      </object_component>
      <object_component id="oc-24">
         <name>.text</name>
         <load_address>0x60a</load_address>
         <run_address>0x60a</run_address>
         <size>0xc</size>
         <input_file_ref idref="fl-4"/>
      </object_component>
      <object_component id="oc-d8">
         <name>.text:GPIOPinRead</name>
         <load_address>0x616</load_address>
         <run_address>0x616</run_address>
         <size>0x6</size>
         <input_file_ref idref="fl-a"/>
      </object_component>
      <object_component id="oc-e4">
         <name>.text:GPIOPinWrite</name>
         <load_address>0x61c</load_address>
         <run_address>0x61c</run_address>
         <size>0x6</size>
         <input_file_ref idref="fl-a"/>
      </object_component>
      <object_component id="oc-12b">
         <name>.text:SysCtlDelay</name>
         <load_address>0x622</load_address>
         <run_address>0x622</run_address>
         <size>0x6</size>
         <input_file_ref idref="fl-c"/>
      </object_component>
      <object_component id="oc-92">
         <name>.text:_system_pre_init</name>
         <load_address>0x628</load_address>
         <run_address>0x628</run_address>
         <size>0x4</size>
         <input_file_ref idref="fl-cd"/>
      </object_component>
      <object_component id="oc-eb">
         <name>.text:abort:abort</name>
         <load_address>0x62c</load_address>
         <run_address>0x62c</run_address>
         <size>0x4</size>
         <input_file_ref idref="fl-c7"/>
      </object_component>
      <object_component id="oc-21">
         <name>.stack</name>
         <uninitialized>true</uninitialized>
         <run_address>0x20000000</run_address>
         <size>0x4</size>
         <input_file_ref idref="fl-c6"/>
      </object_component>
      <object_component id="oc-1ce">
         <name>.stack</name>
         <uninitialized>true</uninitialized>
         <run_address>0x20000000</run_address>
         <size>0x0</size>
      </object_component>
      <object_component id="oc-df">
         <name>.debug_info</name>
         <load_address>0x0</load_address>
         <run_address>0x0</run_address>
         <size>0x133</size>
         <input_file_ref idref="fl-2"/>
      </object_component>
      <object_component id="oc-33">
         <name>.debug_info</name>
         <load_address>0x133</load_address>
         <run_address>0x133</run_address>
         <size>0x84</size>
         <input_file_ref idref="fl-2"/>
      </object_component>
      <object_component id="oc-af">
         <name>.debug_info</name>
         <load_address>0x1b7</load_address>
         <run_address>0x1b7</run_address>
         <size>0x3cb</size>
         <input_file_ref idref="fl-3"/>
      </object_component>
      <object_component id="oc-99">
         <name>.debug_info</name>
         <load_address>0x582</load_address>
         <run_address>0x582</run_address>
         <size>0x1f0</size>
         <input_file_ref idref="fl-3"/>
      </object_component>
      <object_component id="oc-6d">
         <name>.debug_info</name>
         <load_address>0x772</load_address>
         <run_address>0x772</run_address>
         <size>0x26b</size>
         <input_file_ref idref="fl-3"/>
      </object_component>
      <object_component id="oc-aa">
         <name>.debug_info</name>
         <load_address>0x9dd</load_address>
         <run_address>0x9dd</run_address>
         <size>0x297</size>
         <input_file_ref idref="fl-3"/>
      </object_component>
      <object_component id="oc-72">
         <name>.debug_info</name>
         <load_address>0xc74</load_address>
         <run_address>0xc74</run_address>
         <size>0xbb</size>
         <input_file_ref idref="fl-3"/>
      </object_component>
      <object_component id="oc-2c">
         <name>.debug_info</name>
         <load_address>0xd2f</load_address>
         <run_address>0xd2f</run_address>
         <size>0x2ae</size>
         <input_file_ref idref="fl-4"/>
      </object_component>
      <object_component id="oc-10">
         <name>.debug_info</name>
         <load_address>0xfdd</load_address>
         <run_address>0xfdd</run_address>
         <size>0xed</size>
         <input_file_ref idref="fl-4"/>
      </object_component>
      <object_component id="oc-27">
         <name>.debug_info</name>
         <load_address>0x10ca</load_address>
         <run_address>0x10ca</run_address>
         <size>0x269</size>
         <input_file_ref idref="fl-4"/>
      </object_component>
      <object_component id="oc-141">
         <name>.debug_info</name>
         <load_address>0x1333</load_address>
         <run_address>0x1333</run_address>
         <size>0x240</size>
         <input_file_ref idref="fl-a"/>
      </object_component>
      <object_component id="oc-e8">
         <name>.debug_info</name>
         <load_address>0x1573</load_address>
         <run_address>0x1573</run_address>
         <size>0x2a3</size>
         <input_file_ref idref="fl-a"/>
      </object_component>
      <object_component id="oc-13b">
         <name>.debug_info</name>
         <load_address>0x1816</load_address>
         <run_address>0x1816</run_address>
         <size>0x2b3</size>
         <input_file_ref idref="fl-a"/>
      </object_component>
      <object_component id="oc-135">
         <name>.debug_info</name>
         <load_address>0x1ac9</load_address>
         <run_address>0x1ac9</run_address>
         <size>0x316</size>
         <input_file_ref idref="fl-a"/>
      </object_component>
      <object_component id="oc-cd">
         <name>.debug_info</name>
         <load_address>0x1ddf</load_address>
         <run_address>0x1ddf</run_address>
         <size>0x2b7</size>
         <input_file_ref idref="fl-a"/>
      </object_component>
      <object_component id="oc-d3">
         <name>.debug_info</name>
         <load_address>0x2096</load_address>
         <run_address>0x2096</run_address>
         <size>0x285</size>
         <input_file_ref idref="fl-a"/>
      </object_component>
      <object_component id="oc-d9">
         <name>.debug_info</name>
         <load_address>0x231b</load_address>
         <run_address>0x231b</run_address>
         <size>0x27b</size>
         <input_file_ref idref="fl-a"/>
      </object_component>
      <object_component id="oc-166">
         <name>.debug_info</name>
         <load_address>0x2596</load_address>
         <run_address>0x2596</run_address>
         <size>0x8b</size>
         <input_file_ref idref="fl-a"/>
      </object_component>
      <object_component id="oc-12d">
         <name>.debug_info</name>
         <load_address>0x2621</load_address>
         <run_address>0x2621</run_address>
         <size>0x18b</size>
         <input_file_ref idref="fl-a"/>
      </object_component>
      <object_component id="oc-132">
         <name>.debug_info</name>
         <load_address>0x27ac</load_address>
         <run_address>0x27ac</run_address>
         <size>0x298</size>
         <input_file_ref idref="fl-c"/>
      </object_component>
      <object_component id="oc-c9">
         <name>.debug_info</name>
         <load_address>0x2a44</load_address>
         <run_address>0x2a44</run_address>
         <size>0x27d</size>
         <input_file_ref idref="fl-c"/>
      </object_component>
      <object_component id="oc-c3">
         <name>.debug_info</name>
         <load_address>0x2cc1</load_address>
         <run_address>0x2cc1</run_address>
         <size>0x2db</size>
         <input_file_ref idref="fl-c"/>
      </object_component>
      <object_component id="oc-16d">
         <name>.debug_info</name>
         <load_address>0x2f9c</load_address>
         <run_address>0x2f9c</run_address>
         <size>0x5f</size>
         <input_file_ref idref="fl-c"/>
      </object_component>
      <object_component id="oc-22">
         <name>.debug_info</name>
         <load_address>0x2ffb</load_address>
         <run_address>0x2ffb</run_address>
         <size>0x100</size>
         <input_file_ref idref="fl-c6"/>
      </object_component>
      <object_component id="oc-51">
         <name>.debug_info</name>
         <load_address>0x30fb</load_address>
         <run_address>0x30fb</run_address>
         <size>0x19d</size>
         <input_file_ref idref="fl-c6"/>
      </object_component>
      <object_component id="oc-ed">
         <name>.debug_info</name>
         <load_address>0x3298</load_address>
         <run_address>0x3298</run_address>
         <size>0x117</size>
         <input_file_ref idref="fl-c7"/>
      </object_component>
      <object_component id="oc-96">
         <name>.debug_info</name>
         <load_address>0x33af</load_address>
         <run_address>0x33af</run_address>
         <size>0x148</size>
         <input_file_ref idref="fl-cd"/>
      </object_component>
      <object_component id="oc-1cf">
         <name>.debug_info</name>
         <load_address>0x34f7</load_address>
         <run_address>0x34f7</run_address>
         <size>0xa3</size>
      </object_component>
      <object_component id="oc-e2">
         <name>.debug_line</name>
         <load_address>0x0</load_address>
         <run_address>0x0</run_address>
         <size>0x49</size>
         <input_file_ref idref="fl-2"/>
      </object_component>
      <object_component id="oc-36">
         <name>.debug_line</name>
         <load_address>0x49</load_address>
         <run_address>0x49</run_address>
         <size>0x20</size>
         <input_file_ref idref="fl-2"/>
      </object_component>
      <object_component id="oc-12a">
         <name>.debug_line</name>
         <load_address>0x69</load_address>
         <run_address>0x69</run_address>
         <size>0x9c</size>
         <input_file_ref idref="fl-3"/>
      </object_component>
      <object_component id="oc-9c">
         <name>.debug_line</name>
         <load_address>0x105</load_address>
         <run_address>0x105</run_address>
         <size>0x66</size>
         <input_file_ref idref="fl-3"/>
      </object_component>
      <object_component id="oc-70">
         <name>.debug_line</name>
         <load_address>0x16b</load_address>
         <run_address>0x16b</run_address>
         <size>0x69</size>
         <input_file_ref idref="fl-3"/>
      </object_component>
      <object_component id="oc-ad">
         <name>.debug_line</name>
         <load_address>0x1d4</load_address>
         <run_address>0x1d4</run_address>
         <size>0x6d</size>
         <input_file_ref idref="fl-3"/>
      </object_component>
      <object_component id="oc-75">
         <name>.debug_line</name>
         <load_address>0x241</load_address>
         <run_address>0x241</run_address>
         <size>0x6a</size>
         <input_file_ref idref="fl-3"/>
      </object_component>
      <object_component id="oc-6c">
         <name>.debug_line</name>
         <load_address>0x2ab</load_address>
         <run_address>0x2ab</run_address>
         <size>0x41</size>
         <input_file_ref idref="fl-4"/>
      </object_component>
      <object_component id="oc-2b">
         <name>.debug_line</name>
         <load_address>0x2ec</load_address>
         <run_address>0x2ec</run_address>
         <size>0x41</size>
         <input_file_ref idref="fl-4"/>
      </object_component>
      <object_component id="oc-25">
         <name>.debug_line</name>
         <load_address>0x32d</load_address>
         <run_address>0x32d</run_address>
         <size>0xa1</size>
         <input_file_ref idref="fl-4"/>
      </object_component>
      <object_component id="oc-175">
         <name>.debug_line</name>
         <load_address>0x3ce</load_address>
         <run_address>0x3ce</run_address>
         <size>0x82</size>
         <input_file_ref idref="fl-a"/>
      </object_component>
      <object_component id="oc-e5">
         <name>.debug_line</name>
         <load_address>0x450</load_address>
         <run_address>0x450</run_address>
         <size>0x92</size>
         <input_file_ref idref="fl-a"/>
      </object_component>
      <object_component id="oc-13e">
         <name>.debug_line</name>
         <load_address>0x4e2</load_address>
         <run_address>0x4e2</run_address>
         <size>0x95</size>
         <input_file_ref idref="fl-a"/>
      </object_component>
      <object_component id="oc-138">
         <name>.debug_line</name>
         <load_address>0x577</load_address>
         <run_address>0x577</run_address>
         <size>0xd1</size>
         <input_file_ref idref="fl-a"/>
      </object_component>
      <object_component id="oc-d0">
         <name>.debug_line</name>
         <load_address>0x648</load_address>
         <run_address>0x648</run_address>
         <size>0x99</size>
         <input_file_ref idref="fl-a"/>
      </object_component>
      <object_component id="oc-d6">
         <name>.debug_line</name>
         <load_address>0x6e1</load_address>
         <run_address>0x6e1</run_address>
         <size>0x93</size>
         <input_file_ref idref="fl-a"/>
      </object_component>
      <object_component id="oc-dc">
         <name>.debug_line</name>
         <load_address>0x774</load_address>
         <run_address>0x774</run_address>
         <size>0x92</size>
         <input_file_ref idref="fl-a"/>
      </object_component>
      <object_component id="oc-169">
         <name>.debug_line</name>
         <load_address>0x806</load_address>
         <run_address>0x806</run_address>
         <size>0x20</size>
         <input_file_ref idref="fl-a"/>
      </object_component>
      <object_component id="oc-130">
         <name>.debug_line</name>
         <load_address>0x826</load_address>
         <run_address>0x826</run_address>
         <size>0x69</size>
         <input_file_ref idref="fl-a"/>
      </object_component>
      <object_component id="oc-16c">
         <name>.debug_line</name>
         <load_address>0x88f</load_address>
         <run_address>0x88f</run_address>
         <size>0x13d</size>
         <input_file_ref idref="fl-c"/>
      </object_component>
      <object_component id="oc-c7">
         <name>.debug_line</name>
         <load_address>0x9cc</load_address>
         <run_address>0x9cc</run_address>
         <size>0x94</size>
         <input_file_ref idref="fl-c"/>
      </object_component>
      <object_component id="oc-c1">
         <name>.debug_line</name>
         <load_address>0xa60</load_address>
         <run_address>0xa60</run_address>
         <size>0xee</size>
         <input_file_ref idref="fl-c"/>
      </object_component>
      <object_component id="oc-170">
         <name>.debug_line</name>
         <load_address>0xb4e</load_address>
         <run_address>0xb4e</run_address>
         <size>0x7f</size>
         <input_file_ref idref="fl-c"/>
      </object_component>
      <object_component id="oc-69">
         <name>.debug_line</name>
         <load_address>0xbcd</load_address>
         <run_address>0xbcd</run_address>
         <size>0x33</size>
         <input_file_ref idref="fl-c6"/>
      </object_component>
      <object_component id="oc-54">
         <name>.debug_line</name>
         <load_address>0xc00</load_address>
         <run_address>0xc00</run_address>
         <size>0x55</size>
         <input_file_ref idref="fl-c6"/>
      </object_component>
      <object_component id="oc-ec">
         <name>.debug_line</name>
         <load_address>0xc55</load_address>
         <run_address>0xc55</run_address>
         <size>0x3c</size>
         <input_file_ref idref="fl-c7"/>
      </object_component>
      <object_component id="oc-94">
         <name>.debug_line</name>
         <load_address>0xc91</load_address>
         <run_address>0xc91</run_address>
         <size>0x40</size>
         <input_file_ref idref="fl-cd"/>
      </object_component>
      <object_component id="oc-e3">
         <name>.debug_frame</name>
         <load_address>0x0</load_address>
         <run_address>0x0</run_address>
         <size>0x58</size>
         <input_file_ref idref="fl-2"/>
      </object_component>
      <object_component id="oc-9d">
         <name>.debug_frame</name>
         <load_address>0x58</load_address>
         <run_address>0x58</run_address>
         <size>0x60</size>
         <input_file_ref idref="fl-3"/>
      </object_component>
      <object_component id="oc-26">
         <name>.debug_frame</name>
         <load_address>0xb8</load_address>
         <run_address>0xb8</run_address>
         <size>0x90</size>
         <input_file_ref idref="fl-4"/>
      </object_component>
      <object_component id="oc-e6">
         <name>.debug_frame</name>
         <load_address>0x248</load_address>
         <run_address>0x248</run_address>
         <size>0x7f</size>
         <input_file_ref idref="fl-a"/>
      </object_component>
      <object_component id="oc-13f">
         <name>.debug_frame</name>
         <load_address>0x2c7</load_address>
         <run_address>0x2c7</run_address>
         <size>0x7f</size>
         <input_file_ref idref="fl-a"/>
      </object_component>
      <object_component id="oc-139">
         <name>.debug_frame</name>
         <load_address>0x346</load_address>
         <run_address>0x346</run_address>
         <size>0x8f</size>
         <input_file_ref idref="fl-a"/>
      </object_component>
      <object_component id="oc-d1">
         <name>.debug_frame</name>
         <load_address>0x3d5</load_address>
         <run_address>0x3d5</run_address>
         <size>0x8a</size>
         <input_file_ref idref="fl-a"/>
      </object_component>
      <object_component id="oc-d7">
         <name>.debug_frame</name>
         <load_address>0x45f</load_address>
         <run_address>0x45f</run_address>
         <size>0x86</size>
         <input_file_ref idref="fl-a"/>
      </object_component>
      <object_component id="oc-dd">
         <name>.debug_frame</name>
         <load_address>0x4e5</load_address>
         <run_address>0x4e5</run_address>
         <size>0x7f</size>
         <input_file_ref idref="fl-a"/>
      </object_component>
      <object_component id="oc-c8">
         <name>.debug_frame</name>
         <load_address>0x564</load_address>
         <run_address>0x564</run_address>
         <size>0x7f</size>
         <input_file_ref idref="fl-c"/>
      </object_component>
      <object_component id="oc-c2">
         <name>.debug_frame</name>
         <load_address>0x5e3</load_address>
         <run_address>0x5e3</run_address>
         <size>0x93</size>
         <input_file_ref idref="fl-c"/>
      </object_component>
      <object_component id="oc-55">
         <name>.debug_frame</name>
         <load_address>0x148</load_address>
         <run_address>0x148</run_address>
         <size>0x58</size>
         <input_file_ref idref="fl-c6"/>
      </object_component>
      <object_component id="oc-f0">
         <name>.debug_frame</name>
         <load_address>0x1a0</load_address>
         <run_address>0x1a0</run_address>
         <size>0x54</size>
         <input_file_ref idref="fl-c7"/>
      </object_component>
      <object_component id="oc-93">
         <name>.debug_frame</name>
         <load_address>0x1f4</load_address>
         <run_address>0x1f4</run_address>
         <size>0x54</size>
         <input_file_ref idref="fl-cd"/>
      </object_component>
      <object_component id="oc-144">
         <name>.debug_abbrev</name>
         <load_address>0x0</load_address>
         <run_address>0x0</run_address>
         <size>0x6c</size>
         <input_file_ref idref="fl-2"/>
      </object_component>
      <object_component id="oc-35">
         <name>.debug_abbrev</name>
         <load_address>0x6c</load_address>
         <run_address>0x6c</run_address>
         <size>0x1f</size>
         <input_file_ref idref="fl-2"/>
      </object_component>
      <object_component id="oc-129">
         <name>.debug_abbrev</name>
         <load_address>0x8b</load_address>
         <run_address>0x8b</run_address>
         <size>0x72</size>
         <input_file_ref idref="fl-3"/>
      </object_component>
      <object_component id="oc-ea">
         <name>.debug_abbrev</name>
         <load_address>0xfd</load_address>
         <run_address>0xfd</run_address>
         <size>0x6d</size>
         <input_file_ref idref="fl-3"/>
      </object_component>
      <object_component id="oc-6f">
         <name>.debug_abbrev</name>
         <load_address>0x16a</load_address>
         <run_address>0x16a</run_address>
         <size>0x69</size>
         <input_file_ref idref="fl-3"/>
      </object_component>
      <object_component id="oc-ac">
         <name>.debug_abbrev</name>
         <load_address>0x1d3</load_address>
         <run_address>0x1d3</run_address>
         <size>0x5c</size>
         <input_file_ref idref="fl-3"/>
      </object_component>
      <object_component id="oc-74">
         <name>.debug_abbrev</name>
         <load_address>0x22f</load_address>
         <run_address>0x22f</run_address>
         <size>0x24</size>
         <input_file_ref idref="fl-3"/>
      </object_component>
      <object_component id="oc-6b">
         <name>.debug_abbrev</name>
         <load_address>0x253</load_address>
         <run_address>0x253</run_address>
         <size>0x68</size>
         <input_file_ref idref="fl-4"/>
      </object_component>
      <object_component id="oc-2a">
         <name>.debug_abbrev</name>
         <load_address>0x2bb</load_address>
         <run_address>0x2bb</run_address>
         <size>0x29</size>
         <input_file_ref idref="fl-4"/>
      </object_component>
      <object_component id="oc-6a">
         <name>.debug_abbrev</name>
         <load_address>0x2e4</load_address>
         <run_address>0x2e4</run_address>
         <size>0x79</size>
         <input_file_ref idref="fl-4"/>
      </object_component>
      <object_component id="oc-174">
         <name>.debug_abbrev</name>
         <load_address>0x35d</load_address>
         <run_address>0x35d</run_address>
         <size>0x72</size>
         <input_file_ref idref="fl-a"/>
      </object_component>
      <object_component id="oc-145">
         <name>.debug_abbrev</name>
         <load_address>0x3cf</load_address>
         <run_address>0x3cf</run_address>
         <size>0x6c</size>
         <input_file_ref idref="fl-a"/>
      </object_component>
      <object_component id="oc-173">
         <name>.debug_abbrev</name>
         <load_address>0x43b</load_address>
         <run_address>0x43b</run_address>
         <size>0x6c</size>
         <input_file_ref idref="fl-a"/>
      </object_component>
      <object_component id="oc-172">
         <name>.debug_abbrev</name>
         <load_address>0x4a7</load_address>
         <run_address>0x4a7</run_address>
         <size>0x6c</size>
         <input_file_ref idref="fl-a"/>
      </object_component>
      <object_component id="oc-140">
         <name>.debug_abbrev</name>
         <load_address>0x513</load_address>
         <run_address>0x513</run_address>
         <size>0x7a</size>
         <input_file_ref idref="fl-a"/>
      </object_component>
      <object_component id="oc-142">
         <name>.debug_abbrev</name>
         <load_address>0x58d</load_address>
         <run_address>0x58d</run_address>
         <size>0x6c</size>
         <input_file_ref idref="fl-a"/>
      </object_component>
      <object_component id="oc-143">
         <name>.debug_abbrev</name>
         <load_address>0x5f9</load_address>
         <run_address>0x5f9</run_address>
         <size>0x6e</size>
         <input_file_ref idref="fl-a"/>
      </object_component>
      <object_component id="oc-168">
         <name>.debug_abbrev</name>
         <load_address>0x667</load_address>
         <run_address>0x667</run_address>
         <size>0x1f</size>
         <input_file_ref idref="fl-a"/>
      </object_component>
      <object_component id="oc-12f">
         <name>.debug_abbrev</name>
         <load_address>0x686</load_address>
         <run_address>0x686</run_address>
         <size>0x35</size>
         <input_file_ref idref="fl-a"/>
      </object_component>
      <object_component id="oc-16b">
         <name>.debug_abbrev</name>
         <load_address>0x6bb</load_address>
         <run_address>0x6bb</run_address>
         <size>0xb0</size>
         <input_file_ref idref="fl-c"/>
      </object_component>
      <object_component id="oc-133">
         <name>.debug_abbrev</name>
         <load_address>0x76b</load_address>
         <run_address>0x76b</run_address>
         <size>0x6c</size>
         <input_file_ref idref="fl-c"/>
      </object_component>
      <object_component id="oc-12c">
         <name>.debug_abbrev</name>
         <load_address>0x7d7</load_address>
         <run_address>0x7d7</run_address>
         <size>0x7a</size>
         <input_file_ref idref="fl-c"/>
      </object_component>
      <object_component id="oc-16f">
         <name>.debug_abbrev</name>
         <load_address>0x851</load_address>
         <run_address>0x851</run_address>
         <size>0x49</size>
         <input_file_ref idref="fl-c"/>
      </object_component>
      <object_component id="oc-68">
         <name>.debug_abbrev</name>
         <load_address>0x89a</load_address>
         <run_address>0x89a</run_address>
         <size>0x29</size>
         <input_file_ref idref="fl-c6"/>
      </object_component>
      <object_component id="oc-9f">
         <name>.debug_abbrev</name>
         <load_address>0x8c3</load_address>
         <run_address>0x8c3</run_address>
         <size>0x61</size>
         <input_file_ref idref="fl-c6"/>
      </object_component>
      <object_component id="oc-146">
         <name>.debug_abbrev</name>
         <load_address>0x924</load_address>
         <run_address>0x924</run_address>
         <size>0x45</size>
         <input_file_ref idref="fl-c7"/>
      </object_component>
      <object_component id="oc-bf">
         <name>.debug_abbrev</name>
         <load_address>0x969</load_address>
         <run_address>0x969</run_address>
         <size>0x55</size>
         <input_file_ref idref="fl-cd"/>
      </object_component>
      <object_component id="oc-1d0">
         <name>.debug_abbrev</name>
         <load_address>0x9be</load_address>
         <run_address>0x9be</run_address>
         <size>0xf</size>
      </object_component>
      <object_component id="oc-37">
         <name>.debug_str</name>
         <load_address>0x0</load_address>
         <run_address>0x0</run_address>
         <size>0xfa</size>
         <input_file_ref idref="fl-2"/>
      </object_component>
      <object_component id="oc-71">
         <name>.debug_str</name>
         <load_address>0xfa</load_address>
         <run_address>0xfa</run_address>
         <size>0x2ab</size>
         <input_file_ref idref="fl-3"/>
      </object_component>
      <object_component id="oc-ae">
         <name>.debug_str</name>
         <load_address>0x3a5</load_address>
         <run_address>0x3a5</run_address>
         <size>0x33a</size>
         <input_file_ref idref="fl-3"/>
      </object_component>
      <object_component id="oc-76">
         <name>.debug_str</name>
         <load_address>0x6df</load_address>
         <run_address>0x6df</run_address>
         <size>0x143</size>
         <input_file_ref idref="fl-3"/>
      </object_component>
      <object_component id="oc-16a">
         <name>.debug_str</name>
         <load_address>0x822</load_address>
         <run_address>0x822</run_address>
         <size>0xf5</size>
         <input_file_ref idref="fl-a"/>
      </object_component>
      <object_component id="oc-131">
         <name>.debug_str</name>
         <load_address>0x917</load_address>
         <run_address>0x917</run_address>
         <size>0x241</size>
         <input_file_ref idref="fl-a"/>
      </object_component>
      <object_component id="oc-171">
         <name>.debug_str</name>
         <load_address>0xb58</load_address>
         <run_address>0xb58</run_address>
         <size>0x141</size>
         <input_file_ref idref="fl-c"/>
      </object_component>
      <object_component id="oc-e0">
         <name>.debug_aranges</name>
         <load_address>0x0</load_address>
         <run_address>0x0</run_address>
         <size>0x20</size>
         <input_file_ref idref="fl-2"/>
      </object_component>
      <object_component id="oc-9b">
         <name>.debug_aranges</name>
         <load_address>0x20</load_address>
         <run_address>0x20</run_address>
         <size>0x20</size>
         <input_file_ref idref="fl-3"/>
      </object_component>
      <object_component id="oc-28">
         <name>.debug_aranges</name>
         <load_address>0x40</load_address>
         <run_address>0x40</run_address>
         <size>0x38</size>
         <input_file_ref idref="fl-4"/>
      </object_component>
      <object_component id="oc-e7">
         <name>.debug_aranges</name>
         <load_address>0x78</load_address>
         <run_address>0x78</run_address>
         <size>0x20</size>
         <input_file_ref idref="fl-a"/>
      </object_component>
      <object_component id="oc-13c">
         <name>.debug_aranges</name>
         <load_address>0x98</load_address>
         <run_address>0x98</run_address>
         <size>0x20</size>
         <input_file_ref idref="fl-a"/>
      </object_component>
      <object_component id="oc-136">
         <name>.debug_aranges</name>
         <load_address>0xb8</load_address>
         <run_address>0xb8</run_address>
         <size>0x20</size>
         <input_file_ref idref="fl-a"/>
      </object_component>
      <object_component id="oc-ce">
         <name>.debug_aranges</name>
         <load_address>0xd8</load_address>
         <run_address>0xd8</run_address>
         <size>0x20</size>
         <input_file_ref idref="fl-a"/>
      </object_component>
      <object_component id="oc-d4">
         <name>.debug_aranges</name>
         <load_address>0xf8</load_address>
         <run_address>0xf8</run_address>
         <size>0x20</size>
         <input_file_ref idref="fl-a"/>
      </object_component>
      <object_component id="oc-da">
         <name>.debug_aranges</name>
         <load_address>0x118</load_address>
         <run_address>0x118</run_address>
         <size>0x20</size>
         <input_file_ref idref="fl-a"/>
      </object_component>
      <object_component id="oc-cb">
         <name>.debug_aranges</name>
         <load_address>0x138</load_address>
         <run_address>0x138</run_address>
         <size>0x20</size>
         <input_file_ref idref="fl-c"/>
      </object_component>
      <object_component id="oc-c5">
         <name>.debug_aranges</name>
         <load_address>0x158</load_address>
         <run_address>0x158</run_address>
         <size>0x20</size>
         <input_file_ref idref="fl-c"/>
      </object_component>
      <object_component id="oc-52">
         <name>.debug_aranges</name>
         <load_address>0x178</load_address>
         <run_address>0x178</run_address>
         <size>0x20</size>
         <input_file_ref idref="fl-c6"/>
      </object_component>
      <object_component id="oc-ee">
         <name>.debug_aranges</name>
         <load_address>0x198</load_address>
         <run_address>0x198</run_address>
         <size>0x20</size>
         <input_file_ref idref="fl-c7"/>
      </object_component>
      <object_component id="oc-95">
         <name>.debug_aranges</name>
         <load_address>0x1b8</load_address>
         <run_address>0x1b8</run_address>
         <size>0x20</size>
         <input_file_ref idref="fl-cd"/>
      </object_component>
      <object_component id="oc-e1">
         <name>.debug_pubnames</name>
         <load_address>0x0</load_address>
         <run_address>0x0</run_address>
         <size>0x1c</size>
         <input_file_ref idref="fl-2"/>
      </object_component>
      <object_component id="oc-9a">
         <name>.debug_pubnames</name>
         <load_address>0x1c</load_address>
         <run_address>0x1c</run_address>
         <size>0x1b</size>
         <input_file_ref idref="fl-3"/>
      </object_component>
      <object_component id="oc-11">
         <name>.debug_pubnames</name>
         <load_address>0x37</load_address>
         <run_address>0x37</run_address>
         <size>0x23</size>
         <input_file_ref idref="fl-4"/>
      </object_component>
      <object_component id="oc-29">
         <name>.debug_pubnames</name>
         <load_address>0x5a</load_address>
         <run_address>0x5a</run_address>
         <size>0x4c</size>
         <input_file_ref idref="fl-4"/>
      </object_component>
      <object_component id="oc-e9">
         <name>.debug_pubnames</name>
         <load_address>0xa6</load_address>
         <run_address>0xa6</run_address>
         <size>0x23</size>
         <input_file_ref idref="fl-a"/>
      </object_component>
      <object_component id="oc-13d">
         <name>.debug_pubnames</name>
         <load_address>0xc9</load_address>
         <run_address>0xc9</run_address>
         <size>0x25</size>
         <input_file_ref idref="fl-a"/>
      </object_component>
      <object_component id="oc-137">
         <name>.debug_pubnames</name>
         <load_address>0xee</load_address>
         <run_address>0xee</run_address>
         <size>0x27</size>
         <input_file_ref idref="fl-a"/>
      </object_component>
      <object_component id="oc-cf">
         <name>.debug_pubnames</name>
         <load_address>0x115</load_address>
         <run_address>0x115</run_address>
         <size>0x2c</size>
         <input_file_ref idref="fl-a"/>
      </object_component>
      <object_component id="oc-d5">
         <name>.debug_pubnames</name>
         <load_address>0x141</load_address>
         <run_address>0x141</run_address>
         <size>0x2b</size>
         <input_file_ref idref="fl-a"/>
      </object_component>
      <object_component id="oc-db">
         <name>.debug_pubnames</name>
         <load_address>0x16c</load_address>
         <run_address>0x16c</run_address>
         <size>0x22</size>
         <input_file_ref idref="fl-a"/>
      </object_component>
      <object_component id="oc-ca">
         <name>.debug_pubnames</name>
         <load_address>0x18e</load_address>
         <run_address>0x18e</run_address>
         <size>0x2d</size>
         <input_file_ref idref="fl-c"/>
      </object_component>
      <object_component id="oc-c4">
         <name>.debug_pubnames</name>
         <load_address>0x1bb</load_address>
         <run_address>0x1bb</run_address>
         <size>0x25</size>
         <input_file_ref idref="fl-c"/>
      </object_component>
      <object_component id="oc-23">
         <name>.debug_pubnames</name>
         <load_address>0x1e0</load_address>
         <run_address>0x1e0</run_address>
         <size>0x1e</size>
         <input_file_ref idref="fl-c6"/>
      </object_component>
      <object_component id="oc-53">
         <name>.debug_pubnames</name>
         <load_address>0x1fe</load_address>
         <run_address>0x1fe</run_address>
         <size>0x2d</size>
         <input_file_ref idref="fl-c6"/>
      </object_component>
      <object_component id="oc-ef">
         <name>.debug_pubnames</name>
         <load_address>0x22b</load_address>
         <run_address>0x22b</run_address>
         <size>0x1c</size>
         <input_file_ref idref="fl-c7"/>
      </object_component>
      <object_component id="oc-97">
         <name>.debug_pubnames</name>
         <load_address>0x247</load_address>
         <run_address>0x247</run_address>
         <size>0x27</size>
         <input_file_ref idref="fl-cd"/>
      </object_component>
      <object_component id="oc-34">
         <name>.debug_pubtypes</name>
         <load_address>0x0</load_address>
         <run_address>0x0</run_address>
         <size>0xed</size>
         <input_file_ref idref="fl-2"/>
      </object_component>
      <object_component id="oc-6e">
         <name>.debug_pubtypes</name>
         <load_address>0xed</load_address>
         <run_address>0xed</run_address>
         <size>0x25c</size>
         <input_file_ref idref="fl-3"/>
      </object_component>
      <object_component id="oc-ab">
         <name>.debug_pubtypes</name>
         <load_address>0x349</load_address>
         <run_address>0x349</run_address>
         <size>0x325</size>
         <input_file_ref idref="fl-3"/>
      </object_component>
      <object_component id="oc-73">
         <name>.debug_pubtypes</name>
         <load_address>0x66e</load_address>
         <run_address>0x66e</run_address>
         <size>0xaa</size>
         <input_file_ref idref="fl-3"/>
      </object_component>
      <object_component id="oc-167">
         <name>.debug_pubtypes</name>
         <load_address>0x718</load_address>
         <run_address>0x718</run_address>
         <size>0xff</size>
         <input_file_ref idref="fl-a"/>
      </object_component>
      <object_component id="oc-12e">
         <name>.debug_pubtypes</name>
         <load_address>0x817</load_address>
         <run_address>0x817</run_address>
         <size>0x1c6</size>
         <input_file_ref idref="fl-a"/>
      </object_component>
      <object_component id="oc-16e">
         <name>.debug_pubtypes</name>
         <load_address>0x9dd</load_address>
         <run_address>0x9dd</run_address>
         <size>0x28</size>
         <input_file_ref idref="fl-c"/>
      </object_component>
   </object_component_list>
   <logical_group_list>
      <logical_group id="lg-3" display="no" color="cyan">
         <name>.intvecs</name>
         <load_address>0x0</load_address>
         <run_address>0x0</run_address>
         <size>0x26c</size>
         <contents>
            <object_component_ref idref="oc-f"/>
         </contents>
      </logical_group>
      <logical_group id="lg-4" display="no" color="cyan">
         <name>.text</name>
         <load_address>0x26c</load_address>
         <run_address>0x26c</run_address>
         <size>0x3c4</size>
         <contents>
            <object_component_ref idref="oc-134"/>
            <object_component_ref idref="oc-c0"/>
            <object_component_ref idref="oc-98"/>
            <object_component_ref idref="oc-c6"/>
            <object_component_ref idref="oc-50"/>
            <object_component_ref idref="oc-13a"/>
            <object_component_ref idref="oc-de"/>
            <object_component_ref idref="oc-cc"/>
            <object_component_ref idref="oc-d2"/>
            <object_component_ref idref="oc-24"/>
            <object_component_ref idref="oc-d8"/>
            <object_component_ref idref="oc-e4"/>
            <object_component_ref idref="oc-12b"/>
            <object_component_ref idref="oc-92"/>
            <object_component_ref idref="oc-eb"/>
         </contents>
      </logical_group>
      <logical_group id="lg-5" display="no" color="cyan">
         <name>.const</name>
         <run_address>0x0</run_address>
         <size>0x0</size>
         <contents>
         </contents>
      </logical_group>
      <logical_group id="lg-6" display="no" color="cyan">
         <name>.cinit</name>
         <run_address>0x0</run_address>
         <size>0x0</size>
         <contents>
         </contents>
      </logical_group>
      <logical_group id="lg-7" display="no" color="cyan">
         <name>.pinit</name>
         <run_address>0x0</run_address>
         <size>0x0</size>
         <contents>
         </contents>
      </logical_group>
      <logical_group id="lg-8" display="no" color="cyan">
         <name>.init_array</name>
         <run_address>0x0</run_address>
         <size>0x0</size>
         <contents>
         </contents>
      </logical_group>
      <logical_group id="lg-9" display="no" color="cyan">
         <name>.vtable</name>
         <run_address>0x0</run_address>
         <size>0x0</size>
         <contents>
         </contents>
      </logical_group>
      <logical_group id="lg-a" display="no" color="cyan">
         <name>.data</name>
         <run_address>0x0</run_address>
         <size>0x0</size>
         <contents>
         </contents>
      </logical_group>
      <logical_group id="lg-b" display="no" color="cyan">
         <name>.bss</name>
         <run_address>0x0</run_address>
         <size>0x0</size>
         <contents>
         </contents>
      </logical_group>
      <logical_group id="lg-c" display="no" color="cyan">
         <name>.sysmem</name>
         <run_address>0x0</run_address>
         <size>0x0</size>
         <contents>
         </contents>
      </logical_group>
      <logical_group id="lg-d" display="no" color="cyan">
         <name>.stack</name>
         <run_address>0x20000000</run_address>
         <size>0x200</size>
         <contents>
            <object_component_ref idref="oc-21"/>
            <object_component_ref idref="oc-1ce"/>
         </contents>
      </logical_group>
      <logical_group id="lg-1a6" display="no" color="cyan">
         <name>.TI.noinit</name>
         <run_address>0x0</run_address>
         <size>0x0</size>
         <contents>
         </contents>
      </logical_group>
      <logical_group id="lg-1a7" display="no" color="cyan">
         <name>.TI.persistent</name>
         <run_address>0x0</run_address>
         <size>0x0</size>
         <contents>
         </contents>
      </logical_group>
      <logical_group id="lg-1b5" display="never" color="cyan">
         <name>.debug_info</name>
         <load_address>0x0</load_address>
         <run_address>0x0</run_address>
         <size>0x359a</size>
         <contents>
            <object_component_ref idref="oc-df"/>
            <object_component_ref idref="oc-33"/>
            <object_component_ref idref="oc-af"/>
            <object_component_ref idref="oc-99"/>
            <object_component_ref idref="oc-6d"/>
            <object_component_ref idref="oc-aa"/>
            <object_component_ref idref="oc-72"/>
            <object_component_ref idref="oc-2c"/>
            <object_component_ref idref="oc-10"/>
            <object_component_ref idref="oc-27"/>
            <object_component_ref idref="oc-141"/>
            <object_component_ref idref="oc-e8"/>
            <object_component_ref idref="oc-13b"/>
            <object_component_ref idref="oc-135"/>
            <object_component_ref idref="oc-cd"/>
            <object_component_ref idref="oc-d3"/>
            <object_component_ref idref="oc-d9"/>
            <object_component_ref idref="oc-166"/>
            <object_component_ref idref="oc-12d"/>
            <object_component_ref idref="oc-132"/>
            <object_component_ref idref="oc-c9"/>
            <object_component_ref idref="oc-c3"/>
            <object_component_ref idref="oc-16d"/>
            <object_component_ref idref="oc-22"/>
            <object_component_ref idref="oc-51"/>
            <object_component_ref idref="oc-ed"/>
            <object_component_ref idref="oc-96"/>
            <object_component_ref idref="oc-1cf"/>
         </contents>
      </logical_group>
      <logical_group id="lg-1b7" display="never" color="cyan">
         <name>.debug_line</name>
         <load_address>0x0</load_address>
         <run_address>0x0</run_address>
         <size>0xcd1</size>
         <contents>
            <object_component_ref idref="oc-e2"/>
            <object_component_ref idref="oc-36"/>
            <object_component_ref idref="oc-12a"/>
            <object_component_ref idref="oc-9c"/>
            <object_component_ref idref="oc-70"/>
            <object_component_ref idref="oc-ad"/>
            <object_component_ref idref="oc-75"/>
            <object_component_ref idref="oc-6c"/>
            <object_component_ref idref="oc-2b"/>
            <object_component_ref idref="oc-25"/>
            <object_component_ref idref="oc-175"/>
            <object_component_ref idref="oc-e5"/>
            <object_component_ref idref="oc-13e"/>
            <object_component_ref idref="oc-138"/>
            <object_component_ref idref="oc-d0"/>
            <object_component_ref idref="oc-d6"/>
            <object_component_ref idref="oc-dc"/>
            <object_component_ref idref="oc-169"/>
            <object_component_ref idref="oc-130"/>
            <object_component_ref idref="oc-16c"/>
            <object_component_ref idref="oc-c7"/>
            <object_component_ref idref="oc-c1"/>
            <object_component_ref idref="oc-170"/>
            <object_component_ref idref="oc-69"/>
            <object_component_ref idref="oc-54"/>
            <object_component_ref idref="oc-ec"/>
            <object_component_ref idref="oc-94"/>
         </contents>
      </logical_group>
      <logical_group id="lg-1b9" display="never" color="cyan">
         <name>.debug_frame</name>
         <load_address>0x0</load_address>
         <run_address>0x0</run_address>
         <size>0x676</size>
         <contents>
            <object_component_ref idref="oc-e3"/>
            <object_component_ref idref="oc-9d"/>
            <object_component_ref idref="oc-26"/>
            <object_component_ref idref="oc-e6"/>
            <object_component_ref idref="oc-13f"/>
            <object_component_ref idref="oc-139"/>
            <object_component_ref idref="oc-d1"/>
            <object_component_ref idref="oc-d7"/>
            <object_component_ref idref="oc-dd"/>
            <object_component_ref idref="oc-c8"/>
            <object_component_ref idref="oc-c2"/>
            <object_component_ref idref="oc-55"/>
            <object_component_ref idref="oc-f0"/>
            <object_component_ref idref="oc-93"/>
         </contents>
      </logical_group>
      <logical_group id="lg-1bb" display="never" color="cyan">
         <name>.debug_abbrev</name>
         <load_address>0x0</load_address>
         <run_address>0x0</run_address>
         <size>0x9cd</size>
         <contents>
            <object_component_ref idref="oc-144"/>
            <object_component_ref idref="oc-35"/>
            <object_component_ref idref="oc-129"/>
            <object_component_ref idref="oc-ea"/>
            <object_component_ref idref="oc-6f"/>
            <object_component_ref idref="oc-ac"/>
            <object_component_ref idref="oc-74"/>
            <object_component_ref idref="oc-6b"/>
            <object_component_ref idref="oc-2a"/>
            <object_component_ref idref="oc-6a"/>
            <object_component_ref idref="oc-174"/>
            <object_component_ref idref="oc-145"/>
            <object_component_ref idref="oc-173"/>
            <object_component_ref idref="oc-172"/>
            <object_component_ref idref="oc-140"/>
            <object_component_ref idref="oc-142"/>
            <object_component_ref idref="oc-143"/>
            <object_component_ref idref="oc-168"/>
            <object_component_ref idref="oc-12f"/>
            <object_component_ref idref="oc-16b"/>
            <object_component_ref idref="oc-133"/>
            <object_component_ref idref="oc-12c"/>
            <object_component_ref idref="oc-16f"/>
            <object_component_ref idref="oc-68"/>
            <object_component_ref idref="oc-9f"/>
            <object_component_ref idref="oc-146"/>
            <object_component_ref idref="oc-bf"/>
            <object_component_ref idref="oc-1d0"/>
         </contents>
      </logical_group>
      <logical_group id="lg-1bd" display="never" color="cyan">
         <name>.debug_str</name>
         <load_address>0x0</load_address>
         <run_address>0x0</run_address>
         <size>0xc99</size>
         <contents>
            <object_component_ref idref="oc-37"/>
            <object_component_ref idref="oc-71"/>
            <object_component_ref idref="oc-ae"/>
            <object_component_ref idref="oc-76"/>
            <object_component_ref idref="oc-16a"/>
            <object_component_ref idref="oc-131"/>
            <object_component_ref idref="oc-171"/>
         </contents>
      </logical_group>
      <logical_group id="lg-1bf" display="never" color="cyan">
         <name>.debug_aranges</name>
         <load_address>0x0</load_address>
         <run_address>0x0</run_address>
         <size>0x1d8</size>
         <contents>
            <object_component_ref idref="oc-e0"/>
            <object_component_ref idref="oc-9b"/>
            <object_component_ref idref="oc-28"/>
            <object_component_ref idref="oc-e7"/>
            <object_component_ref idref="oc-13c"/>
            <object_component_ref idref="oc-136"/>
            <object_component_ref idref="oc-ce"/>
            <object_component_ref idref="oc-d4"/>
            <object_component_ref idref="oc-da"/>
            <object_component_ref idref="oc-cb"/>
            <object_component_ref idref="oc-c5"/>
            <object_component_ref idref="oc-52"/>
            <object_component_ref idref="oc-ee"/>
            <object_component_ref idref="oc-95"/>
         </contents>
      </logical_group>
      <logical_group id="lg-1c1" display="never" color="cyan">
         <name>.debug_pubnames</name>
         <load_address>0x0</load_address>
         <run_address>0x0</run_address>
         <size>0x26e</size>
         <contents>
            <object_component_ref idref="oc-e1"/>
            <object_component_ref idref="oc-9a"/>
            <object_component_ref idref="oc-11"/>
            <object_component_ref idref="oc-29"/>
            <object_component_ref idref="oc-e9"/>
            <object_component_ref idref="oc-13d"/>
            <object_component_ref idref="oc-137"/>
            <object_component_ref idref="oc-cf"/>
            <object_component_ref idref="oc-d5"/>
            <object_component_ref idref="oc-db"/>
            <object_component_ref idref="oc-ca"/>
            <object_component_ref idref="oc-c4"/>
            <object_component_ref idref="oc-23"/>
            <object_component_ref idref="oc-53"/>
            <object_component_ref idref="oc-ef"/>
            <object_component_ref idref="oc-97"/>
         </contents>
      </logical_group>
      <logical_group id="lg-1c3" display="never" color="cyan">
         <name>.debug_pubtypes</name>
         <load_address>0x0</load_address>
         <run_address>0x0</run_address>
         <size>0xa05</size>
         <contents>
            <object_component_ref idref="oc-34"/>
            <object_component_ref idref="oc-6e"/>
            <object_component_ref idref="oc-ab"/>
            <object_component_ref idref="oc-73"/>
            <object_component_ref idref="oc-167"/>
            <object_component_ref idref="oc-12e"/>
            <object_component_ref idref="oc-16e"/>
         </contents>
      </logical_group>
      <load_segment id="lg-1d2" display="no" color="cyan">
         <name>SEGMENT_0</name>
         <load_address>0x0</load_address>
         <run_address>0x0</run_address>
         <size>0x630</size>
         <flags>0x5</flags>
         <contents>
            <logical_group_ref idref="lg-3"/>
            <logical_group_ref idref="lg-4"/>
         </contents>
      </load_segment>
      <load_segment id="lg-1d3" display="no" color="cyan">
         <name>SEGMENT_1</name>
         <run_address>0x20000000</run_address>
         <size>0x200</size>
         <flags>0x6</flags>
         <contents>
            <logical_group_ref idref="lg-d"/>
         </contents>
      </load_segment>
   </logical_group_list>
   <placement_map>
      <memory_area display="yes" color="green">
         <name>FLASH</name>
         <page_id>0x0</page_id>
         <origin>0x0</origin>
         <length>0x40000</length>
         <used_space>0x630</used_space>
         <unused_space>0x3f9d0</unused_space>
         <attributes>RX</attributes>
         <usage_details>
            <allocated_space>
               <start_address>0x0</start_address>
               <size>0x26c</size>
               <logical_group_ref idref="lg-3"/>
            </allocated_space>
            <allocated_space>
               <start_address>0x26c</start_address>
               <size>0x3c4</size>
               <logical_group_ref idref="lg-4"/>
            </allocated_space>
            <available_space>
               <start_address>0x630</start_address>
               <size>0x3f9d0</size>
            </available_space>
         </usage_details>
      </memory_area>
      <memory_area display="yes" color="green">
         <name>SRAM</name>
         <page_id>0x0</page_id>
         <origin>0x20000000</origin>
         <length>0x8000</length>
         <used_space>0x200</used_space>
         <unused_space>0x7e00</unused_space>
         <attributes>RWX</attributes>
         <usage_details>
            <allocated_space>
               <start_address>0x20000000</start_address>
               <size>0x200</size>
               <logical_group_ref idref="lg-d"/>
            </allocated_space>
            <available_space>
               <start_address>0x20000200</start_address>
               <size>0x7e00</size>
            </available_space>
         </usage_details>
      </memory_area>
   </placement_map>
   <symbol_table>
      <symbol id="sm-1">
         <name>__STACK_TOP</name>
         <value>0x20000200</value>
      </symbol>
      <symbol id="sm-2">
         <name>binit</name>
         <value>0xffffffff</value>
      </symbol>
      <symbol id="sm-3">
         <name>__binit__</name>
         <value>0xffffffff</value>
      </symbol>
      <symbol id="sm-4">
         <name>__STACK_SIZE</name>
         <value>0x200</value>
      </symbol>
      <symbol id="sm-5">
         <name>__STACK_END</name>
         <value>0x20000200</value>
      </symbol>
      <symbol id="sm-6">
         <name>__c_args__</name>
         <value>0xffffffff</value>
      </symbol>
      <symbol id="sm-7">
         <name>__TI_pprof_out_hndl</name>
         <value>0xffffffff</value>
      </symbol>
      <symbol id="sm-8">
         <name>__TI_prof_data_start</name>
         <value>0xffffffff</value>
      </symbol>
      <symbol id="sm-9">
         <name>__TI_prof_data_size</name>
         <value>0xffffffff</value>
      </symbol>
      <symbol id="sm-a">
         <name>__TI_static_base__</name>
         <value>0x0</value>
      </symbol>
      <symbol id="sm-30">
         <name>delay</name>
         <value>0x5bb</value>
         <object_component_ref idref="oc-de"/>
      </symbol>
      <symbol id="sm-51">
         <name>main</name>
         <value>0x495</value>
         <object_component_ref idref="oc-98"/>
      </symbol>
      <symbol id="sm-6d">
         <name>ResetISR</name>
         <value>0x60b</value>
         <object_component_ref idref="oc-24"/>
      </symbol>
      <symbol id="sm-6e">
         <name>g_pfnVectors</name>
         <value>0x0</value>
         <object_component_ref idref="oc-f"/>
      </symbol>
      <symbol id="sm-b0">
         <name>GPIOPinTypeGPIOInput</name>
         <value>0x5f9</value>
         <object_component_ref idref="oc-d2"/>
      </symbol>
      <symbol id="sm-b1">
         <name>GPIOPinTypeGPIOOutput</name>
         <value>0x5e1</value>
         <object_component_ref idref="oc-cc"/>
      </symbol>
      <symbol id="sm-b2">
         <name>GPIOPinRead</name>
         <value>0x617</value>
         <object_component_ref idref="oc-d8"/>
      </symbol>
      <symbol id="sm-b3">
         <name>GPIODirModeSet</name>
         <value>0x591</value>
         <object_component_ref idref="oc-13a"/>
      </symbol>
      <symbol id="sm-b4">
         <name>GPIOPinWrite</name>
         <value>0x61d</value>
         <object_component_ref idref="oc-e4"/>
      </symbol>
      <symbol id="sm-b5">
         <name>GPIOPadConfigSet</name>
         <value>0x26d</value>
         <object_component_ref idref="oc-134"/>
      </symbol>
      <symbol id="sm-e2">
         <name>SysCtlClockSet</name>
         <value>0x3a1</value>
         <object_component_ref idref="oc-c0"/>
      </symbol>
      <symbol id="sm-e3">
         <name>SysCtlDelay</name>
         <value>0x623</value>
         <object_component_ref idref="oc-12b"/>
      </symbol>
      <symbol id="sm-e4">
         <name>SysCtlPeripheralEnable</name>
         <value>0x52d</value>
         <object_component_ref idref="oc-c6"/>
      </symbol>
      <symbol id="sm-fa">
         <name>_c_int00_noinit_noargs</name>
         <value>0x561</value>
         <object_component_ref idref="oc-50"/>
      </symbol>
      <symbol id="sm-fb">
         <name>__stack</name>
         <value>0x20000000</value>
         <object_component_ref idref="oc-21"/>
      </symbol>
      <symbol id="sm-106">
         <name>C$$EXIT</name>
         <value>0x62d</value>
         <object_component_ref idref="oc-eb"/>
      </symbol>
      <symbol id="sm-107">
         <name>abort</name>
         <value>0x62d</value>
         <object_component_ref idref="oc-eb"/>
      </symbol>
      <symbol id="sm-116">
         <name>_system_pre_init</name>
         <value>0x629</value>
         <object_component_ref idref="oc-92"/>
      </symbol>
      <symbol id="sm-118">
         <name>__mpu_init</name>
         <value>0x0</value>
      </symbol>
   </symbol_table>
   <title>Link successful</title>
</link_info>
