******************************************************************************
                  TI ARM Linker PC v18.1.2                     
******************************************************************************
>> Linked Sun Aug  5 20:59:58 2018

OUTPUT FILE NAME:   <4_TM4C_HelloWorld.out>
ENTRY POINT SYMBOL: "_c_int00_noargs"  address: 00000af5


MEMORY CONFIGURATION

         name            origin    length      used     unused   attr    fill
----------------------  --------  ---------  --------  --------  ----  --------
  FLASH                 00000000   00040000  00000ce6  0003f31a  R  X
  SRAM                  20000000   00008000  00000205  00007dfb  RW X


SEGMENT ALLOCATION MAP

run origin  load origin   length   init length attrs members
----------  ----------- ---------- ----------- ----- -------
00000000    00000000    00000ce8   00000ce8    r-x
  00000000    00000000    0000026c   0000026c    r-- .intvecs
  0000026c    0000026c    000009a2   000009a2    r-x .text
  00000c10    00000c10    000000c0   000000c0    r-- .const
  00000cd0    00000cd0    00000018   00000018    r-- .cinit
20000000    20000000    00000205   00000000    rw-
  20000000    20000000    00000200   00000000    rw- .stack
  20000200    20000200    00000005   00000000    rw- .data


SECTION ALLOCATION MAP

 output                                  attributes/
section   page    origin      length       input sections
--------  ----  ----------  ----------   ----------------
.intvecs   0    00000000    0000026c     
                  00000000    0000026c     tm4c123gh6pm_startup_ccs.obj (.intvecs)

.text      0    0000026c    000009a2     
                  0000026c    000004b8     main.obj (.text)
                  00000724    00000132     driverlib.lib : gpio.obj (.text:GPIOPadConfigSet)
                  00000856    0000009c     rtsv7M4_T_le_v4SPD16_eabi.lib : memcpy_t2.asm.obj (.text)
                  000008f2    00000068                                   : copy_decompress_lzss.c.obj (.text:decompress:lzss:__TI_decompress_lzss)
                  0000095a    00000002                                   : div0.asm.obj (.text)
                  0000095c    0000004c     uartconsole.obj (.text)
                  000009a8    00000048     driverlib.lib : gpio.obj (.text:GPIOPinConfigure)
                  000009f0    00000046                   : uart.obj (.text:UARTConfigSetExpClk)
                  00000a36    00000002     --HOLE-- [fill = 0]
                  00000a38    00000044     rtsv7M4_T_le_v4SPD16_eabi.lib : autoinit.c.obj (.text:__TI_auto_init_nobinit_nopinit:__TI_auto_init_nobinit_nopinit)
                  00000a7c    00000040                                   : u_divt2.asm.obj (.text)
                  00000abc    00000038     driverlib.lib : sysctl.obj (.text:SysCtlPeripheralPresent)
                  00000af4    00000038     rtsv7M4_T_le_v4SPD16_eabi.lib : boot_cortex_m.c.obj (.text:_c_int00_noargs:_c_int00_noargs)
                  00000b2c    00000034     driverlib.lib : sysctl.obj (.text:SysCtlPeripheralEnable)
                  00000b60    0000002a                   : gpio.obj (.text:GPIODirModeSet)
                  00000b8a    00000002     --HOLE-- [fill = 0]
                  00000b8c    00000020                   : uart.obj (.text:UARTDisable)
                  00000bac    00000014                   : uart.obj (.text:UARTEnable)
                  00000bc0    00000012                   : gpio.obj (.text:GPIOPinTypeUART)
                  00000bd2    0000000e     rtsv7M4_T_le_v4SPD16_eabi.lib : copy_decompress_none.c.obj (.text:decompress:none:__TI_decompress_none)
                  00000be0    0000000c     tm4c123gh6pm_startup_ccs.obj (.text)
                  00000bec    0000000a     driverlib.lib : uart.obj (.text:UARTCharGet)
                  00000bf6    0000000a                   : uart.obj (.text:UARTCharPut)
                  00000c00    00000006                   : uart.obj (.text:UARTClockSourceSet)
                  00000c06    00000004     rtsv7M4_T_le_v4SPD16_eabi.lib : pre_init.c.obj (.text:_system_pre_init)
                  00000c0a    00000004                                   : exit.c.obj (.text:abort:abort)

.const     0    00000c10    000000c0     
                  00000c10    00000090     driverlib.lib : gpio.obj (.const:g_pui32GPIOBaseAddrs)
                  00000ca0    00000012     main.obj (.const:.string)
                  00000cb2    00000002     --HOLE-- [fill = 0]
                  00000cb4    0000000c     main.obj (.const:g_ui32UARTBase)
                  00000cc0    0000000c     main.obj (.const:g_ui32UARTPeriph)
                  00000ccc    00000004     main.obj (.const)

.cinit     0    00000cd0    00000018     
                  00000cd0    00000008     (__TI_handler_table)
                  00000cd8    00000007     (.cinit..data.load) [load image, compression = lzss]
                  00000cdf    00000001     --HOLE-- [fill = 0]
                  00000ce0    00000008     (__TI_cinit_table)

.init_array 
*          0    00000000    00000000     UNINITIALIZED

.data      0    20000200    00000005     UNINITIALIZED
                  20000200    00000005     main.obj (.data)

.stack     0    20000000    00000200     UNINITIALIZED
                  20000000    00000004     rtsv7M4_T_le_v4SPD16_eabi.lib : boot_cortex_m.c.obj (.stack)
                  20000004    000001fc     --HOLE--

MODULE SUMMARY

       Module                         code   ro data   rw data
       ------                         ----   -------   -------
    .\
       main.obj                       1208   46        5      
       tm4c123gh6pm_startup_ccs.obj   12     620       0      
       uartconsole.obj                76     0         0      
    +--+------------------------------+------+---------+---------+
       Total:                         1296   666       5      
                                                              
    C:/ti/TivaWare_C_Series-2.1.4.178/driverlib/ccs/Debug/driverlib.lib
       gpio.obj                       438    144       0      
       uart.obj                       148    0         0      
       sysctl.obj                     108    0         0      
    +--+------------------------------+------+---------+---------+
       Total:                         694    144       0      
                                                              
    C:\ti\ccsv8\tools\compiler\ti-cgt-arm_18.1.2.LTS\lib\rtsv7M4_T_le_v4SPD16_eabi.lib
       memcpy_t2.asm.obj              156    0         0      
       copy_decompress_lzss.c.obj     104    0         0      
       autoinit.c.obj                 68     0         0      
       u_divt2.asm.obj                64     0         0      
       boot_cortex_m.c.obj            56     0         0      
       copy_decompress_none.c.obj     14     0         0      
       exit.c.obj                     4      0         0      
       pre_init.c.obj                 4      0         0      
       div0.asm.obj                   2      0         0      
    +--+------------------------------+------+---------+---------+
       Total:                         472    0         0      
                                                              
       Stack:                         0      0         512    
       Linker Generated:              0      23        0      
    +--+------------------------------+------+---------+---------+
       Grand Total:                   2462   833       517    


LINKER GENERATED COPY TABLES

__TI_cinit_table @ 00000ce0 records: 1, size/record: 8, table size: 8
	.data: load addr=00000cd8, load size=00000007 bytes, run addr=20000200, run size=00000005 bytes, compression=lzss


LINKER GENERATED HANDLER TABLE

__TI_handler_table @ 00000cd0 records: 2, size/record: 4, table size: 8
	index: 0, handler: __TI_decompress_lzss
	index: 1, handler: __TI_decompress_none


GLOBAL SYMBOLS: SORTED ALPHABETICALLY BY Name 

address   name                          
-------   ----                          
00000c0b  C$$EXIT                       
00000b61  GPIODirModeSet                
00000725  GPIOPadConfigSet              
000009a9  GPIOPinConfigure              
00000bc1  GPIOPinTypeUART               
00000be1  ResetISR                      
00000b2d  SysCtlPeripheralEnable        
00000abd  SysCtlPeripheralPresent       
00000bed  UARTCharGet                   
00000bf7  UARTCharPut                   
00000c01  UARTClockSourceSet            
000009f1  UARTConfigSetExpClk           
00000b8d  UARTDisable                   
00000bad  UARTEnable                    
0000026d  UARTStdioConfig               
000003b3  UARTgetc                      
000002f9  UARTgets                      
000006d3  UARTprintf                    
000003d9  UARTvprintf                   
000002b3  UARTwrite                     
20000200  __STACK_END                   
00000200  __STACK_SIZE                  
20000200  __STACK_TOP                   
00000ce0  __TI_CINIT_Base               
00000ce8  __TI_CINIT_Limit              
00000cd0  __TI_Handler_Table_Base       
00000cd8  __TI_Handler_Table_Limit      
00000a39  __TI_auto_init_nobinit_nopinit
000008f3  __TI_decompress_lzss          
00000bd3  __TI_decompress_none          
ffffffff  __TI_pprof_out_hndl           
ffffffff  __TI_prof_data_size           
ffffffff  __TI_prof_data_start          
00000000  __TI_static_base__            
0000095b  __aeabi_idiv0                 
0000095b  __aeabi_ldiv0                 
00000857  __aeabi_memcpy                
00000857  __aeabi_memcpy4               
00000857  __aeabi_memcpy8               
00000a7d  __aeabi_uidiv                 
00000a7d  __aeabi_uidivmod              
ffffffff  __binit__                     
ffffffff  __c_args__                    
UNDEFED   __mpu_init                    
20000000  __stack                       
00000af5  _c_int00_noargs               
UNDEFED   _system_post_cinit            
00000c07  _system_pre_init              
00000c0b  abort                         
ffffffff  binit                         
00000000  g_pfnVectors                  
000006f7  main                          
00000857  memcpy                        
0000095d  uartConsoleInit               


GLOBAL SYMBOLS: SORTED BY Symbol Address 

address   name                          
-------   ----                          
00000000  __TI_static_base__            
00000000  g_pfnVectors                  
00000200  __STACK_SIZE                  
0000026d  UARTStdioConfig               
000002b3  UARTwrite                     
000002f9  UARTgets                      
000003b3  UARTgetc                      
000003d9  UARTvprintf                   
000006d3  UARTprintf                    
000006f7  main                          
00000725  GPIOPadConfigSet              
00000857  __aeabi_memcpy                
00000857  __aeabi_memcpy4               
00000857  __aeabi_memcpy8               
00000857  memcpy                        
000008f3  __TI_decompress_lzss          
0000095b  __aeabi_idiv0                 
0000095b  __aeabi_ldiv0                 
0000095d  uartConsoleInit               
000009a9  GPIOPinConfigure              
000009f1  UARTConfigSetExpClk           
00000a39  __TI_auto_init_nobinit_nopinit
00000a7d  __aeabi_uidiv                 
00000a7d  __aeabi_uidivmod              
00000abd  SysCtlPeripheralPresent       
00000af5  _c_int00_noargs               
00000b2d  SysCtlPeripheralEnable        
00000b61  GPIODirModeSet                
00000b8d  UARTDisable                   
00000bad  UARTEnable                    
00000bc1  GPIOPinTypeUART               
00000bd3  __TI_decompress_none          
00000be1  ResetISR                      
00000bed  UARTCharGet                   
00000bf7  UARTCharPut                   
00000c01  UARTClockSourceSet            
00000c07  _system_pre_init              
00000c0b  C$$EXIT                       
00000c0b  abort                         
00000cd0  __TI_Handler_Table_Base       
00000cd8  __TI_Handler_Table_Limit      
00000ce0  __TI_CINIT_Base               
00000ce8  __TI_CINIT_Limit              
20000000  __stack                       
20000200  __STACK_END                   
20000200  __STACK_TOP                   
ffffffff  __TI_pprof_out_hndl           
ffffffff  __TI_prof_data_size           
ffffffff  __TI_prof_data_start          
ffffffff  __binit__                     
ffffffff  __c_args__                    
ffffffff  binit                         
UNDEFED   __mpu_init                    
UNDEFED   _system_post_cinit            

[54 symbols]
