******************************************************************************
                  TI ARM Linker PC v18.1.2                     
******************************************************************************
>> Linked Mon Aug  6 21:50:41 2018

OUTPUT FILE NAME:   <7_TM4C_I2C_Slave_Addr_Check.out>
ENTRY POINT SYMBOL: "_c_int00_noargs"  address: 00000af9


MEMORY CONFIGURATION

         name            origin    length      used     unused   attr    fill
----------------------  --------  ---------  --------  --------  ----  --------
  FLASH                 00000000   00040000  00000cea  0003f316  R  X
  SRAM                  20000000   00008000  00000205  00007dfb  RW X


SEGMENT ALLOCATION MAP

run origin  load origin   length   init length attrs members
----------  ----------- ---------- ----------- ----- -------
00000000    00000000    00000cf0   00000cf0    r-x
  00000000    00000000    0000026c   0000026c    r-- .intvecs
  0000026c    0000026c    000009a6   000009a6    r-x .text
  00000c14    00000c14    000000c0   000000c0    r-- .const
  00000cd8    00000cd8    00000018   00000018    r-- .cinit
20000000    20000000    00000205   00000000    rw-
  20000000    20000000    00000200   00000000    rw- .stack
  20000200    20000200    00000005   00000000    rw- .data


SECTION ALLOCATION MAP

 output                                  attributes/
section   page    origin      length       input sections
--------  ----  ----------  ----------   ----------------
.intvecs   0    00000000    0000026c     
                  00000000    0000026c     tm4c123gh6pm_startup_ccs.obj (.intvecs)

.text      0    0000026c    000009a6     
                  0000026c    000004bc     main.obj (.text)
                  00000728    00000132     driverlib.lib : gpio.obj (.text:GPIOPadConfigSet)
                  0000085a    0000009c     rtsv7M4_T_le_v4SPD16_eabi.lib : memcpy_t2.asm.obj (.text)
                  000008f6    00000068                                   : copy_decompress_lzss.c.obj (.text:decompress:lzss:__TI_decompress_lzss)
                  0000095e    00000002                                   : div0.asm.obj (.text)
                  00000960    0000004c     uartconsole.obj (.text)
                  000009ac    00000048     driverlib.lib : gpio.obj (.text:GPIOPinConfigure)
                  000009f4    00000046                   : uart.obj (.text:UARTConfigSetExpClk)
                  00000a3a    00000002     --HOLE-- [fill = 0]
                  00000a3c    00000044     rtsv7M4_T_le_v4SPD16_eabi.lib : autoinit.c.obj (.text:__TI_auto_init_nobinit_nopinit:__TI_auto_init_nobinit_nopinit)
                  00000a80    00000040                                   : u_divt2.asm.obj (.text)
                  00000ac0    00000038     driverlib.lib : sysctl.obj (.text:SysCtlPeripheralPresent)
                  00000af8    00000038     rtsv7M4_T_le_v4SPD16_eabi.lib : boot_cortex_m.c.obj (.text:_c_int00_noargs:_c_int00_noargs)
                  00000b30    00000034     driverlib.lib : sysctl.obj (.text:SysCtlPeripheralEnable)
                  00000b64    0000002a                   : gpio.obj (.text:GPIODirModeSet)
                  00000b8e    00000002     --HOLE-- [fill = 0]
                  00000b90    00000020                   : uart.obj (.text:UARTDisable)
                  00000bb0    00000014                   : uart.obj (.text:UARTEnable)
                  00000bc4    00000012                   : gpio.obj (.text:GPIOPinTypeUART)
                  00000bd6    0000000e     rtsv7M4_T_le_v4SPD16_eabi.lib : copy_decompress_none.c.obj (.text:decompress:none:__TI_decompress_none)
                  00000be4    0000000c     tm4c123gh6pm_startup_ccs.obj (.text)
                  00000bf0    0000000a     driverlib.lib : uart.obj (.text:UARTCharGet)
                  00000bfa    0000000a                   : uart.obj (.text:UARTCharPut)
                  00000c04    00000006                   : uart.obj (.text:UARTClockSourceSet)
                  00000c0a    00000004     rtsv7M4_T_le_v4SPD16_eabi.lib : pre_init.c.obj (.text:_system_pre_init)
                  00000c0e    00000004                                   : exit.c.obj (.text:abort:abort)

.const     0    00000c14    000000c0     
                  00000c14    00000090     driverlib.lib : gpio.obj (.const:g_pui32GPIOBaseAddrs)
                  00000ca4    00000012     main.obj (.const:.string)
                  00000cb6    00000002     --HOLE-- [fill = 0]
                  00000cb8    0000000c     main.obj (.const:g_ui32UARTBase)
                  00000cc4    0000000c     main.obj (.const:g_ui32UARTPeriph)
                  00000cd0    00000004     main.obj (.const)

.cinit     0    00000cd8    00000018     
                  00000cd8    00000008     (__TI_handler_table)
                  00000ce0    00000007     (.cinit..data.load) [load image, compression = lzss]
                  00000ce7    00000001     --HOLE-- [fill = 0]
                  00000ce8    00000008     (__TI_cinit_table)

.init_array 
*          0    00000000    00000000     UNINITIALIZED

.data      0    20000200    00000005     UNINITIALIZED
                  20000200    00000005     main.obj (.data)

.stack     0    20000000    00000200     UNINITIALIZED
                  20000000    00000004     rtsv7M4_T_le_v4SPD16_eabi.lib : boot_cortex_m.c.obj (.stack)
                  20000004    000001fc     --HOLE--

MODULE SUMMARY

       Module                         code   ro data   rw data
       ------                         ----   -------   -------
    .\
       main.obj                       1212   46        5      
       tm4c123gh6pm_startup_ccs.obj   12     620       0      
       uartconsole.obj                76     0         0      
    +--+------------------------------+------+---------+---------+
       Total:                         1300   666       5      
                                                              
    C:/ti/TivaWare_C_Series-2.1.4.178/driverlib/ccs/Debug/driverlib.lib
       gpio.obj                       438    144       0      
       uart.obj                       148    0         0      
       sysctl.obj                     108    0         0      
    +--+------------------------------+------+---------+---------+
       Total:                         694    144       0      
                                                              
    C:\ti\ccsv8\tools\compiler\ti-cgt-arm_18.1.2.LTS\lib\rtsv7M4_T_le_v4SPD16_eabi.lib
       memcpy_t2.asm.obj              156    0         0      
       copy_decompress_lzss.c.obj     104    0         0      
       autoinit.c.obj                 68     0         0      
       u_divt2.asm.obj                64     0         0      
       boot_cortex_m.c.obj            56     0         0      
       copy_decompress_none.c.obj     14     0         0      
       exit.c.obj                     4      0         0      
       pre_init.c.obj                 4      0         0      
       div0.asm.obj                   2      0         0      
    +--+------------------------------+------+---------+---------+
       Total:                         472    0         0      
                                                              
       Stack:                         0      0         512    
       Linker Generated:              0      23        0      
    +--+------------------------------+------+---------+---------+
       Grand Total:                   2466   833       517    


LINKER GENERATED COPY TABLES

__TI_cinit_table @ 00000ce8 records: 1, size/record: 8, table size: 8
	.data: load addr=00000ce0, load size=00000007 bytes, run addr=20000200, run size=00000005 bytes, compression=lzss


LINKER GENERATED HANDLER TABLE

__TI_handler_table @ 00000cd8 records: 2, size/record: 4, table size: 8
	index: 0, handler: __TI_decompress_lzss
	index: 1, handler: __TI_decompress_none


GLOBAL SYMBOLS: SORTED ALPHABETICALLY BY Name 

address   name                          
-------   ----                          
00000c0f  C$$EXIT                       
00000b65  GPIODirModeSet                
00000729  GPIOPadConfigSet              
000009ad  GPIOPinConfigure              
00000bc5  GPIOPinTypeUART               
00000be5  ResetISR                      
00000b31  SysCtlPeripheralEnable        
00000ac1  SysCtlPeripheralPresent       
00000bf1  UARTCharGet                   
00000bfb  UARTCharPut                   
00000c05  UARTClockSourceSet            
000009f5  UARTConfigSetExpClk           
00000b91  UARTDisable                   
00000bb1  UARTEnable                    
0000026d  UARTStdioConfig               
000003b3  UARTgetc                      
000002f9  UARTgets                      
000006d3  UARTprintf                    
000003d9  UARTvprintf                   
000002b3  UARTwrite                     
20000200  __STACK_END                   
00000200  __STACK_SIZE                  
20000200  __STACK_TOP                   
00000ce8  __TI_CINIT_Base               
00000cf0  __TI_CINIT_Limit              
00000cd8  __TI_Handler_Table_Base       
00000ce0  __TI_Handler_Table_Limit      
00000a3d  __TI_auto_init_nobinit_nopinit
000008f7  __TI_decompress_lzss          
00000bd7  __TI_decompress_none          
ffffffff  __TI_pprof_out_hndl           
ffffffff  __TI_prof_data_size           
ffffffff  __TI_prof_data_start          
00000000  __TI_static_base__            
0000095f  __aeabi_idiv0                 
0000095f  __aeabi_ldiv0                 
0000085b  __aeabi_memcpy                
0000085b  __aeabi_memcpy4               
0000085b  __aeabi_memcpy8               
00000a81  __aeabi_uidiv                 
00000a81  __aeabi_uidivmod              
ffffffff  __binit__                     
ffffffff  __c_args__                    
UNDEFED   __mpu_init                    
20000000  __stack                       
00000af9  _c_int00_noargs               
UNDEFED   _system_post_cinit            
00000c0b  _system_pre_init              
00000c0f  abort                         
ffffffff  binit                         
00000000  g_pfnVectors                  
00000705  i2c_setup                     
000006f7  main                          
0000085b  memcpy                        
00000961  uartConsoleInit               


GLOBAL SYMBOLS: SORTED BY Symbol Address 

address   name                          
-------   ----                          
00000000  __TI_static_base__            
00000000  g_pfnVectors                  
00000200  __STACK_SIZE                  
0000026d  UARTStdioConfig               
000002b3  UARTwrite                     
000002f9  UARTgets                      
000003b3  UARTgetc                      
000003d9  UARTvprintf                   
000006d3  UARTprintf                    
000006f7  main                          
00000705  i2c_setup                     
00000729  GPIOPadConfigSet              
0000085b  __aeabi_memcpy                
0000085b  __aeabi_memcpy4               
0000085b  __aeabi_memcpy8               
0000085b  memcpy                        
000008f7  __TI_decompress_lzss          
0000095f  __aeabi_idiv0                 
0000095f  __aeabi_ldiv0                 
00000961  uartConsoleInit               
000009ad  GPIOPinConfigure              
000009f5  UARTConfigSetExpClk           
00000a3d  __TI_auto_init_nobinit_nopinit
00000a81  __aeabi_uidiv                 
00000a81  __aeabi_uidivmod              
00000ac1  SysCtlPeripheralPresent       
00000af9  _c_int00_noargs               
00000b31  SysCtlPeripheralEnable        
00000b65  GPIODirModeSet                
00000b91  UARTDisable                   
00000bb1  UARTEnable                    
00000bc5  GPIOPinTypeUART               
00000bd7  __TI_decompress_none          
00000be5  ResetISR                      
00000bf1  UARTCharGet                   
00000bfb  UARTCharPut                   
00000c05  UARTClockSourceSet            
00000c0b  _system_pre_init              
00000c0f  C$$EXIT                       
00000c0f  abort                         
00000cd8  __TI_Handler_Table_Base       
00000ce0  __TI_Handler_Table_Limit      
00000ce8  __TI_CINIT_Base               
00000cf0  __TI_CINIT_Limit              
20000000  __stack                       
20000200  __STACK_END                   
20000200  __STACK_TOP                   
ffffffff  __TI_pprof_out_hndl           
ffffffff  __TI_prof_data_size           
ffffffff  __TI_prof_data_start          
ffffffff  __binit__                     
ffffffff  __c_args__                    
ffffffff  binit                         
UNDEFED   __mpu_init                    
UNDEFED   _system_post_cinit            

[55 symbols]
